sqlite3SqlConstruction
sqlite3SqlExecution
sqlinjectionSinks
| sqlite3.rb:5:12:5:17 | <<-SQL |
| sqlite3.rb:12:19:12:41 | "select * from numbers" |
| sqlite3.rb:17:15:17:35 | "select * from table" |
| sqlite3.rb:29:19:29:39 | "select * from table" |
