| customurlschemes.swift:30:44:30:54 | url | external |
| customurlschemes.swift:34:52:34:68 | url | external |
| customurlschemes.swift:38:52:38:62 | url | external |
| customurlschemes.swift:43:9:43:28 | ...[...] | Remote URL in UIApplicationDelegate.application.launchOptions |
| customurlschemes.swift:48:9:48:28 | ...[...] | Remote URL in UIApplicationDelegate.application.launchOptions |
| string.swift:27:21:27:21 | call to init(contentsOf:) | external |
| string.swift:27:21:27:44 | call to init(contentsOf:) | external |
| url.swift:53:15:53:19 | .resourceBytes | external |
| url.swift:60:15:60:19 | .lines | external |
| url.swift:67:16:67:22 | .lines | external |
| webview.swift:20:82:20:102 | message | external |
| webview.swift:25:5:25:13 | .globalObject | external |
| webview.swift:26:5:26:39 | call to objectForKeyedSubscript(_:) | external |
| webview.swift:39:9:39:9 | .tainted | Member of a type exposed through JSExport |
| webview.swift:43:10:43:10 | self | Member of a type exposed through JSExport |
| webview.swift:43:18:43:24 | arg1 | Member of a type exposed through JSExport |
| webview.swift:43:29:43:35 | arg2 | Member of a type exposed through JSExport |
