| src/main.js:1:1:1:27 | import  ... @/foo"; | configuration/folderA/foo.js:1:1:1:21 | <toplevel> |
| src/main.js:2:1:2:27 | import  ... %/foo"; | configuration/folderB/foo.js:1:1:1:21 | <toplevel> |
| src/main.js:3:1:3:27 | import  ... #/foo"; | folderA/foo.js:1:1:1:21 | <toplevel> |
| src/main.js:4:1:4:27 | import  ... ~/foo"; | folderB/foo.js:1:1:1:21 | <toplevel> |
