| tst.js:5:14:5:20 | rest[0] | Unexpected result: hasTaintFlow=t1.1 |
| tst.js:5:24:5:45 | // $ ha ... ow=t1.1 | Missing result:hasValueFlow=t1.1 |
| tst.js:6:14:6:20 | rest[1] | Unexpected result: hasTaintFlow=t1.1 |
| tst.js:6:24:6:45 | // $ ha ... ow=t1.2 | Missing result:hasValueFlow=t1.2 |
| tst.js:7:31:7:70 | // $ ha ... ow=t1.2 | Missing result:hasTaintFlow=t1.2 |
| tst.js:15:31:15:70 | // $ ha ... ow=t2.3 | Missing result:hasTaintFlow=t2.3 |
| tst.js:22:14:22:14 | x | Unexpected result: hasTaintFlow=t3.1 |
| tst.js:22:18:22:39 | // $ ha ... ow=t3.1 | Missing result:hasValueFlow=t3.1 |
| tst.js:23:14:23:14 | y | Unexpected result: hasTaintFlow=t3.1 |
| tst.js:23:18:23:39 | // $ ha ... ow=t3.2 | Missing result:hasValueFlow=t3.2 |
| tst.js:24:14:24:14 | z | Unexpected result: hasTaintFlow=t3.1 |
| tst.js:24:18:24:39 | // $ ha ... ow=t3.3 | Missing result:hasValueFlow=t3.3 |
| tst.js:34:14:34:14 | w | Unexpected result: hasTaintFlow=t4.1 |
| tst.js:35:14:35:14 | x | Unexpected result: hasTaintFlow=t4.1 |
| tst.js:35:18:35:39 | // $ ha ... ow=t4.1 | Missing result:hasValueFlow=t4.1 |
| tst.js:36:14:36:14 | y | Unexpected result: hasTaintFlow=t4.1 |
| tst.js:36:18:36:39 | // $ ha ... ow=t4.2 | Missing result:hasValueFlow=t4.2 |
| tst.js:37:14:37:14 | z | Unexpected result: hasTaintFlow=t4.1 |
| tst.js:37:18:37:39 | // $ ha ... ow=t4.3 | Missing result:hasValueFlow=t4.3 |
| tst.js:47:14:47:14 | w | Unexpected result: hasTaintFlow=t5.2 |
| tst.js:47:14:47:14 | w | Unexpected result: hasTaintFlow=t5.3 |
| tst.js:47:14:47:14 | w | Unexpected result: hasValueFlow=t5.1 |
| tst.js:48:14:48:14 | x | Unexpected result: hasTaintFlow=t5.1 |
| tst.js:48:14:48:14 | x | Unexpected result: hasTaintFlow=t5.3 |
| tst.js:48:14:48:14 | x | Unexpected result: hasValueFlow=t5.2 |
| tst.js:48:18:48:39 | // $ ha ... ow=t5.1 | Missing result:hasValueFlow=t5.1 |
| tst.js:49:14:49:14 | y | Unexpected result: hasTaintFlow=t5.1 |
| tst.js:49:14:49:14 | y | Unexpected result: hasTaintFlow=t5.2 |
| tst.js:49:14:49:14 | y | Unexpected result: hasValueFlow=t5.3 |
| tst.js:49:18:49:39 | // $ ha ... ow=t5.2 | Missing result:hasValueFlow=t5.2 |
| tst.js:50:14:50:14 | z | Unexpected result: hasTaintFlow=t5.1 |
| tst.js:50:14:50:14 | z | Unexpected result: hasTaintFlow=t5.2 |
| tst.js:50:14:50:14 | z | Unexpected result: hasTaintFlow=t5.3 |
| tst.js:50:18:50:39 | // $ ha ... ow=t5.3 | Missing result:hasValueFlow=t5.3 |
| tst.js:61:28:61:49 | // $ ha ... ow=t6.1 | Missing result:hasValueFlow=t6.1 |
| tst.js:62:28:62:49 | // $ ha ... ow=t6.2 | Missing result:hasValueFlow=t6.2 |
| tst.js:63:28:63:49 | // $ ha ... ow=t6.3 | Missing result:hasValueFlow=t6.3 |
| tst.js:70:18:70:39 | // $ ha ... ow=t7.1 | Missing result:hasValueFlow=t7.1 |
| tst.js:71:18:71:39 | // $ ha ... ow=t7.2 | Missing result:hasValueFlow=t7.2 |
| tst.js:72:18:72:39 | // $ ha ... ow=t7.3 | Missing result:hasValueFlow=t7.3 |
| tst.js:82:14:82:14 | x | Unexpected result: hasTaintFlow=t8.2 |
| tst.js:82:14:82:14 | x | Unexpected result: hasTaintFlow=t8.4 |
| tst.js:83:14:83:14 | y | Unexpected result: hasTaintFlow=t8.1 |
| tst.js:83:14:83:14 | y | Unexpected result: hasTaintFlow=t8.3 |
| tst.js:83:18:83:85 | // $ ha ... ow=t8.4 | Fixed spurious result:hasValueFlow=t8.3 |
| tst.js:84:14:84:14 | z | Unexpected result: hasTaintFlow=t8.1 |
| tst.js:84:14:84:14 | z | Unexpected result: hasTaintFlow=t8.2 |
| tst.js:84:14:84:14 | z | Unexpected result: hasTaintFlow=t8.3 |
| tst.js:84:14:84:14 | z | Unexpected result: hasTaintFlow=t8.4 |
| tst.js:84:18:84:85 | // $ ha ... ow=t8.4 | Fixed spurious result:hasValueFlow=t8.3 |
| tst.js:84:18:84:85 | // $ ha ... ow=t8.4 | Fixed spurious result:hasValueFlow=t8.4 |
| tst.js:84:18:84:85 | // $ ha ... ow=t8.4 | Missing result:hasValueFlow=t8.3 |
| tst.js:94:18:94:39 | // $ ha ... ow=t9.1 | Missing result:hasValueFlow=t9.1 |
| tst.js:95:18:95:39 | // $ ha ... ow=t9.2 | Missing result:hasValueFlow=t9.2 |
| tst.js:96:18:96:39 | // $ ha ... ow=t9.3 | Missing result:hasValueFlow=t9.3 |
| tst.js:106:14:106:14 | x | Unexpected result: hasTaintFlow=t10.1 |
| tst.js:106:18:106:40 | // $ ha ... w=t10.1 | Missing result:hasValueFlow=t10.1 |
| tst.js:107:14:107:14 | y | Unexpected result: hasTaintFlow=t10.1 |
| tst.js:107:18:107:40 | // $ ha ... w=t10.2 | Missing result:hasValueFlow=t10.2 |
| tst.js:108:14:108:14 | z | Unexpected result: hasTaintFlow=t10.1 |
| tst.js:108:18:108:40 | // $ ha ... w=t10.3 | Missing result:hasValueFlow=t10.3 |
