testFailures
ambiguousPreferredPredecessor
ambiguousSinkName
ambiguousClassObjectName
failures
ambiguousClassInstanceName
ambiguousFunctionName
nameForMultipleFunctions
