| library-tests/Generators/generators.js:44 | expected an alert, but found none | NOT OK | ConsistencyConfig |
