| index.js:10:32:10:135 | // def= ... edVar") | def moduleImport("amd-named-modules").getMember("exports").getMember("lib2") has no outgoing edge labelled getMember("exportedVar"); it has no outgoing edges at all. |
