classMethodCalls
| test1.rb:58:1:58:8 | Use getMember("M1").getMember("C1").getMethod("m").getReturn() |
| test1.rb:59:1:59:8 | Use getMember("M2").getMember("C3").getMethod("m").getReturn() |
instanceMethodCalls
| test1.rb:62:1:62:12 | Use getMember("M1").getMember("C1").getASubclass().getInstance().getMethod("m").getReturn() |
flowThroughArray
| test1.rb:73:1:73:10 | call to m |
