edges
| ReflectedXss.js:8:33:8:45 | req.params.id | ReflectedXss.js:8:14:8:45 | "Unknow ... rams.id |
| ReflectedXss.js:17:31:17:39 | params.id | ReflectedXss.js:17:12:17:39 | "Unknow ... rams.id |
| ReflectedXss.js:23:19:23:26 | req.body | ReflectedXss.js:23:12:23:27 | marked(req.body) |
| ReflectedXss.js:32:14:32:21 | req.body | ReflectedXss.js:34:12:34:18 | mytable |
| ReflectedXss.js:42:31:42:38 | req.body | ReflectedXss.js:42:12:42:39 | convert ... q.body) |
| ReflectedXss.js:64:14:64:21 | req.body | ReflectedXss.js:64:39:64:42 | file |
| ReflectedXss.js:64:39:64:42 | file | ReflectedXss.js:65:16:65:19 | file |
| ReflectedXss.js:68:33:68:40 | req.body | ReflectedXss.js:68:12:68:52 | remark( ... tring() |
| ReflectedXss.js:72:48:72:55 | req.body | ReflectedXss.js:72:12:72:65 | unified ... oString |
| ReflectedXss.js:74:20:74:27 | req.body | ReflectedXss.js:74:34:74:34 | f |
| ReflectedXss.js:74:34:74:34 | f | ReflectedXss.js:75:14:75:14 | f |
| ReflectedXss.js:84:22:84:29 | req.body | ReflectedXss.js:84:12:84:30 | snarkdown(req.body) |
| ReflectedXss.js:85:23:85:30 | req.body | ReflectedXss.js:85:12:85:31 | snarkdown2(req.body) |
| ReflectedXss.js:98:30:98:37 | req.body | ReflectedXss.js:98:12:98:38 | markdow ... q.body) |
| ReflectedXss.js:100:31:100:38 | req.body | ReflectedXss.js:100:12:100:39 | markdow ... q.body) |
| ReflectedXss.js:103:76:103:83 | req.body | ReflectedXss.js:103:12:103:84 | markdow ... q.body) |
| ReflectedXssContentTypes.js:10:24:10:36 | req.params.id | ReflectedXssContentTypes.js:10:14:10:36 | "FOO: " ... rams.id |
| ReflectedXssContentTypes.js:20:24:20:36 | req.params.id | ReflectedXssContentTypes.js:20:14:20:36 | "FOO: " ... rams.id |
| ReflectedXssContentTypes.js:39:23:39:35 | req.params.id | ReflectedXssContentTypes.js:39:13:39:35 | "FOO: " ... rams.id |
| ReflectedXssContentTypes.js:70:22:70:34 | req.params.id | ReflectedXssContentTypes.js:70:12:70:34 | "FOO: " ... rams.id |
| ReflectedXssGood3.js:135:15:135:27 | req.params.id | ReflectedXssGood3.js:139:24:139:26 | url |
| ReflectedXssGood3.js:139:24:139:26 | url | ReflectedXssGood3.js:68:22:68:26 | value |
| ReflectedXssGood3.js:139:24:139:26 | url | ReflectedXssGood3.js:139:12:139:27 | escapeHtml3(url) |
| etherpad.js:9:16:9:30 | req.query.jsonp | etherpad.js:11:12:11:19 | response |
| formatting.js:4:16:4:29 | req.query.evil | formatting.js:6:14:6:47 | util.fo ... , evil) |
| formatting.js:4:16:4:29 | req.query.evil | formatting.js:7:14:7:53 | require ... , evil) |
| live-server.js:4:21:4:27 | req.url | live-server.js:6:13:6:50 | `<html> ... /html>` |
| live-server.js:10:21:10:27 | req.url | live-server.js:12:13:12:50 | `<html> ... /html>` |
| promises.js:5:3:5:59 | new Pro ... .data)) | promises.js:6:11:6:11 | x |
| promises.js:5:44:5:57 | req.query.data | promises.js:5:3:5:59 | new Pro ... .data)) |
| promises.js:6:11:6:11 | x | promises.js:6:25:6:25 | x |
| tst2.js:6:9:6:9 | p | tst2.js:7:12:7:12 | p |
| tst2.js:6:12:6:15 | q: r | tst2.js:8:12:8:12 | r |
| tst2.js:14:9:14:9 | p | tst2.js:18:12:18:12 | p |
| tst2.js:14:9:14:9 | p | tst2.js:21:14:21:14 | p |
| tst2.js:30:9:30:9 | p | tst2.js:33:11:33:11 | p |
| tst2.js:30:9:30:9 | p | tst2.js:36:12:36:12 | p |
| tst2.js:32:13:32:14 | {} [p] | tst2.js:37:12:37:16 | other [p] |
| tst2.js:33:11:33:11 | p | tst2.js:32:13:32:14 | {} [p] |
| tst2.js:37:12:37:16 | other [p] | tst2.js:37:12:37:18 | other.p |
| tst2.js:43:9:43:9 | p | tst2.js:51:12:51:17 | unsafe |
| tst2.js:57:9:57:9 | p | tst2.js:60:11:60:11 | p |
| tst2.js:57:9:57:9 | p | tst2.js:63:12:63:12 | p |
| tst2.js:59:13:59:14 | {} [p] | tst2.js:64:12:64:16 | other [p] |
| tst2.js:60:11:60:11 | p | tst2.js:59:13:59:14 | {} [p] |
| tst2.js:64:12:64:16 | other [p] | tst2.js:64:12:64:18 | other.p |
| tst2.js:69:9:69:9 | p | tst2.js:72:11:72:11 | p |
| tst2.js:69:9:69:9 | p | tst2.js:75:12:75:12 | p |
| tst2.js:71:13:71:14 | {} [p] | tst2.js:76:12:76:16 | other [p] |
| tst2.js:72:11:72:11 | p | tst2.js:71:13:71:14 | {} [p] |
| tst2.js:76:12:76:16 | other [p] | tst2.js:76:12:76:18 | other.p |
| tst2.js:82:9:82:9 | p | tst2.js:85:11:85:11 | p |
| tst2.js:82:9:82:9 | p | tst2.js:88:12:88:12 | p |
| tst2.js:84:13:84:14 | {} [p] | tst2.js:89:12:89:16 | other [p] |
| tst2.js:85:11:85:11 | p | tst2.js:84:13:84:14 | {} [p] |
| tst2.js:89:12:89:16 | other [p] | tst2.js:89:12:89:18 | other.p |
| tst3.js:5:9:5:9 | p | tst3.js:6:12:6:12 | p |
| tst3.js:11:32:11:39 | reg.body | tst3.js:12:12:12:15 | code |
nodes
| ReflectedXss.js:8:14:8:45 | "Unknow ... rams.id | semmle.label | "Unknow ... rams.id |
| ReflectedXss.js:8:33:8:45 | req.params.id | semmle.label | req.params.id |
| ReflectedXss.js:17:12:17:39 | "Unknow ... rams.id | semmle.label | "Unknow ... rams.id |
| ReflectedXss.js:17:31:17:39 | params.id | semmle.label | params.id |
| ReflectedXss.js:22:12:22:19 | req.body | semmle.label | req.body |
| ReflectedXss.js:23:12:23:27 | marked(req.body) | semmle.label | marked(req.body) |
| ReflectedXss.js:23:19:23:26 | req.body | semmle.label | req.body |
| ReflectedXss.js:29:12:29:19 | req.body | semmle.label | req.body |
| ReflectedXss.js:32:14:32:21 | req.body | semmle.label | req.body |
| ReflectedXss.js:34:12:34:18 | mytable | semmle.label | mytable |
| ReflectedXss.js:41:12:41:19 | req.body | semmle.label | req.body |
| ReflectedXss.js:42:12:42:39 | convert ... q.body) | semmle.label | convert ... q.body) |
| ReflectedXss.js:42:31:42:38 | req.body | semmle.label | req.body |
| ReflectedXss.js:56:12:56:19 | req.body | semmle.label | req.body |
| ReflectedXss.js:64:14:64:21 | req.body | semmle.label | req.body |
| ReflectedXss.js:64:39:64:42 | file | semmle.label | file |
| ReflectedXss.js:65:16:65:19 | file | semmle.label | file |
| ReflectedXss.js:68:12:68:52 | remark( ... tring() | semmle.label | remark( ... tring() |
| ReflectedXss.js:68:33:68:40 | req.body | semmle.label | req.body |
| ReflectedXss.js:72:12:72:65 | unified ... oString | semmle.label | unified ... oString |
| ReflectedXss.js:72:48:72:55 | req.body | semmle.label | req.body |
| ReflectedXss.js:74:20:74:27 | req.body | semmle.label | req.body |
| ReflectedXss.js:74:34:74:34 | f | semmle.label | f |
| ReflectedXss.js:75:14:75:14 | f | semmle.label | f |
| ReflectedXss.js:83:12:83:19 | req.body | semmle.label | req.body |
| ReflectedXss.js:84:12:84:30 | snarkdown(req.body) | semmle.label | snarkdown(req.body) |
| ReflectedXss.js:84:22:84:29 | req.body | semmle.label | req.body |
| ReflectedXss.js:85:12:85:31 | snarkdown2(req.body) | semmle.label | snarkdown2(req.body) |
| ReflectedXss.js:85:23:85:30 | req.body | semmle.label | req.body |
| ReflectedXss.js:97:12:97:19 | req.body | semmle.label | req.body |
| ReflectedXss.js:98:12:98:38 | markdow ... q.body) | semmle.label | markdow ... q.body) |
| ReflectedXss.js:98:30:98:37 | req.body | semmle.label | req.body |
| ReflectedXss.js:100:12:100:39 | markdow ... q.body) | semmle.label | markdow ... q.body) |
| ReflectedXss.js:100:31:100:38 | req.body | semmle.label | req.body |
| ReflectedXss.js:103:12:103:84 | markdow ... q.body) | semmle.label | markdow ... q.body) |
| ReflectedXss.js:103:76:103:83 | req.body | semmle.label | req.body |
| ReflectedXss.js:110:16:110:30 | request.query.p | semmle.label | request.query.p |
| ReflectedXssContentTypes.js:10:14:10:36 | "FOO: " ... rams.id | semmle.label | "FOO: " ... rams.id |
| ReflectedXssContentTypes.js:10:24:10:36 | req.params.id | semmle.label | req.params.id |
| ReflectedXssContentTypes.js:20:14:20:36 | "FOO: " ... rams.id | semmle.label | "FOO: " ... rams.id |
| ReflectedXssContentTypes.js:20:24:20:36 | req.params.id | semmle.label | req.params.id |
| ReflectedXssContentTypes.js:39:13:39:35 | "FOO: " ... rams.id | semmle.label | "FOO: " ... rams.id |
| ReflectedXssContentTypes.js:39:23:39:35 | req.params.id | semmle.label | req.params.id |
| ReflectedXssContentTypes.js:70:12:70:34 | "FOO: " ... rams.id | semmle.label | "FOO: " ... rams.id |
| ReflectedXssContentTypes.js:70:22:70:34 | req.params.id | semmle.label | req.params.id |
| ReflectedXssGood3.js:68:22:68:26 | value | semmle.label | value |
| ReflectedXssGood3.js:135:15:135:27 | req.params.id | semmle.label | req.params.id |
| ReflectedXssGood3.js:139:12:139:27 | escapeHtml3(url) | semmle.label | escapeHtml3(url) |
| ReflectedXssGood3.js:139:24:139:26 | url | semmle.label | url |
| etherpad.js:9:16:9:30 | req.query.jsonp | semmle.label | req.query.jsonp |
| etherpad.js:11:12:11:19 | response | semmle.label | response |
| formatting.js:4:16:4:29 | req.query.evil | semmle.label | req.query.evil |
| formatting.js:6:14:6:47 | util.fo ... , evil) | semmle.label | util.fo ... , evil) |
| formatting.js:7:14:7:53 | require ... , evil) | semmle.label | require ... , evil) |
| live-server.js:4:21:4:27 | req.url | semmle.label | req.url |
| live-server.js:6:13:6:50 | `<html> ... /html>` | semmle.label | `<html> ... /html>` |
| live-server.js:10:21:10:27 | req.url | semmle.label | req.url |
| live-server.js:12:13:12:50 | `<html> ... /html>` | semmle.label | `<html> ... /html>` |
| pages/Next.jsx:8:13:8:19 | req.url | semmle.label | req.url |
| pages/Next.jsx:15:13:15:19 | req.url | semmle.label | req.url |
| pages/api/myapi.js:2:14:2:20 | req.url | semmle.label | req.url |
| promises.js:5:3:5:59 | new Pro ... .data)) | semmle.label | new Pro ... .data)) |
| promises.js:5:44:5:57 | req.query.data | semmle.label | req.query.data |
| promises.js:6:11:6:11 | x | semmle.label | x |
| promises.js:6:25:6:25 | x | semmle.label | x |
| tst2.js:6:9:6:9 | p | semmle.label | p |
| tst2.js:6:12:6:15 | q: r | semmle.label | q: r |
| tst2.js:7:12:7:12 | p | semmle.label | p |
| tst2.js:8:12:8:12 | r | semmle.label | r |
| tst2.js:14:9:14:9 | p | semmle.label | p |
| tst2.js:18:12:18:12 | p | semmle.label | p |
| tst2.js:21:14:21:14 | p | semmle.label | p |
| tst2.js:30:9:30:9 | p | semmle.label | p |
| tst2.js:32:13:32:14 | {} [p] | semmle.label | {} [p] |
| tst2.js:33:11:33:11 | p | semmle.label | p |
| tst2.js:36:12:36:12 | p | semmle.label | p |
| tst2.js:37:12:37:16 | other [p] | semmle.label | other [p] |
| tst2.js:37:12:37:18 | other.p | semmle.label | other.p |
| tst2.js:43:9:43:9 | p | semmle.label | p |
| tst2.js:51:12:51:17 | unsafe | semmle.label | unsafe |
| tst2.js:57:9:57:9 | p | semmle.label | p |
| tst2.js:59:13:59:14 | {} [p] | semmle.label | {} [p] |
| tst2.js:60:11:60:11 | p | semmle.label | p |
| tst2.js:63:12:63:12 | p | semmle.label | p |
| tst2.js:64:12:64:16 | other [p] | semmle.label | other [p] |
| tst2.js:64:12:64:18 | other.p | semmle.label | other.p |
| tst2.js:69:9:69:9 | p | semmle.label | p |
| tst2.js:71:13:71:14 | {} [p] | semmle.label | {} [p] |
| tst2.js:72:11:72:11 | p | semmle.label | p |
| tst2.js:75:12:75:12 | p | semmle.label | p |
| tst2.js:76:12:76:16 | other [p] | semmle.label | other [p] |
| tst2.js:76:12:76:18 | other.p | semmle.label | other.p |
| tst2.js:82:9:82:9 | p | semmle.label | p |
| tst2.js:84:13:84:14 | {} [p] | semmle.label | {} [p] |
| tst2.js:85:11:85:11 | p | semmle.label | p |
| tst2.js:88:12:88:12 | p | semmle.label | p |
| tst2.js:89:12:89:16 | other [p] | semmle.label | other [p] |
| tst2.js:89:12:89:18 | other.p | semmle.label | other.p |
| tst3.js:5:9:5:9 | p | semmle.label | p |
| tst3.js:6:12:6:12 | p | semmle.label | p |
| tst3.js:11:32:11:39 | reg.body | semmle.label | reg.body |
| tst3.js:12:12:12:15 | code | semmle.label | code |
subpaths
| ReflectedXssGood3.js:139:24:139:26 | url | ReflectedXssGood3.js:68:22:68:26 | value | ReflectedXssGood3.js:68:22:68:26 | value | ReflectedXssGood3.js:139:12:139:27 | escapeHtml3(url) |
#select
| ReflectedXss.js:8:14:8:45 | "Unknow ... rams.id | ReflectedXss.js:8:33:8:45 | req.params.id | ReflectedXss.js:8:14:8:45 | "Unknow ... rams.id | Cross-site scripting vulnerability due to a $@. | ReflectedXss.js:8:33:8:45 | req.params.id | user-provided value |
| ReflectedXss.js:17:12:17:39 | "Unknow ... rams.id | ReflectedXss.js:17:31:17:39 | params.id | ReflectedXss.js:17:12:17:39 | "Unknow ... rams.id | Cross-site scripting vulnerability due to a $@. | ReflectedXss.js:17:31:17:39 | params.id | user-provided value |
| ReflectedXss.js:22:12:22:19 | req.body | ReflectedXss.js:22:12:22:19 | req.body | ReflectedXss.js:22:12:22:19 | req.body | Cross-site scripting vulnerability due to a $@. | ReflectedXss.js:22:12:22:19 | req.body | user-provided value |
| ReflectedXss.js:23:12:23:27 | marked(req.body) | ReflectedXss.js:23:19:23:26 | req.body | ReflectedXss.js:23:12:23:27 | marked(req.body) | Cross-site scripting vulnerability due to a $@. | ReflectedXss.js:23:19:23:26 | req.body | user-provided value |
| ReflectedXss.js:29:12:29:19 | req.body | ReflectedXss.js:29:12:29:19 | req.body | ReflectedXss.js:29:12:29:19 | req.body | Cross-site scripting vulnerability due to a $@. | ReflectedXss.js:29:12:29:19 | req.body | user-provided value |
| ReflectedXss.js:34:12:34:18 | mytable | ReflectedXss.js:32:14:32:21 | req.body | ReflectedXss.js:34:12:34:18 | mytable | Cross-site scripting vulnerability due to a $@. | ReflectedXss.js:32:14:32:21 | req.body | user-provided value |
| ReflectedXss.js:41:12:41:19 | req.body | ReflectedXss.js:41:12:41:19 | req.body | ReflectedXss.js:41:12:41:19 | req.body | Cross-site scripting vulnerability due to a $@. | ReflectedXss.js:41:12:41:19 | req.body | user-provided value |
| ReflectedXss.js:42:12:42:39 | convert ... q.body) | ReflectedXss.js:42:31:42:38 | req.body | ReflectedXss.js:42:12:42:39 | convert ... q.body) | Cross-site scripting vulnerability due to a $@. | ReflectedXss.js:42:31:42:38 | req.body | user-provided value |
| ReflectedXss.js:56:12:56:19 | req.body | ReflectedXss.js:56:12:56:19 | req.body | ReflectedXss.js:56:12:56:19 | req.body | Cross-site scripting vulnerability due to a $@. | ReflectedXss.js:56:12:56:19 | req.body | user-provided value |
| ReflectedXss.js:65:16:65:19 | file | ReflectedXss.js:64:14:64:21 | req.body | ReflectedXss.js:65:16:65:19 | file | Cross-site scripting vulnerability due to a $@. | ReflectedXss.js:64:14:64:21 | req.body | user-provided value |
| ReflectedXss.js:68:12:68:52 | remark( ... tring() | ReflectedXss.js:68:33:68:40 | req.body | ReflectedXss.js:68:12:68:52 | remark( ... tring() | Cross-site scripting vulnerability due to a $@. | ReflectedXss.js:68:33:68:40 | req.body | user-provided value |
| ReflectedXss.js:72:12:72:65 | unified ... oString | ReflectedXss.js:72:48:72:55 | req.body | ReflectedXss.js:72:12:72:65 | unified ... oString | Cross-site scripting vulnerability due to a $@. | ReflectedXss.js:72:48:72:55 | req.body | user-provided value |
| ReflectedXss.js:75:14:75:14 | f | ReflectedXss.js:74:20:74:27 | req.body | ReflectedXss.js:75:14:75:14 | f | Cross-site scripting vulnerability due to a $@. | ReflectedXss.js:74:20:74:27 | req.body | user-provided value |
| ReflectedXss.js:83:12:83:19 | req.body | ReflectedXss.js:83:12:83:19 | req.body | ReflectedXss.js:83:12:83:19 | req.body | Cross-site scripting vulnerability due to a $@. | ReflectedXss.js:83:12:83:19 | req.body | user-provided value |
| ReflectedXss.js:84:12:84:30 | snarkdown(req.body) | ReflectedXss.js:84:22:84:29 | req.body | ReflectedXss.js:84:12:84:30 | snarkdown(req.body) | Cross-site scripting vulnerability due to a $@. | ReflectedXss.js:84:22:84:29 | req.body | user-provided value |
| ReflectedXss.js:85:12:85:31 | snarkdown2(req.body) | ReflectedXss.js:85:23:85:30 | req.body | ReflectedXss.js:85:12:85:31 | snarkdown2(req.body) | Cross-site scripting vulnerability due to a $@. | ReflectedXss.js:85:23:85:30 | req.body | user-provided value |
| ReflectedXss.js:97:12:97:19 | req.body | ReflectedXss.js:97:12:97:19 | req.body | ReflectedXss.js:97:12:97:19 | req.body | Cross-site scripting vulnerability due to a $@. | ReflectedXss.js:97:12:97:19 | req.body | user-provided value |
| ReflectedXss.js:98:12:98:38 | markdow ... q.body) | ReflectedXss.js:98:30:98:37 | req.body | ReflectedXss.js:98:12:98:38 | markdow ... q.body) | Cross-site scripting vulnerability due to a $@. | ReflectedXss.js:98:30:98:37 | req.body | user-provided value |
| ReflectedXss.js:100:12:100:39 | markdow ... q.body) | ReflectedXss.js:100:31:100:38 | req.body | ReflectedXss.js:100:12:100:39 | markdow ... q.body) | Cross-site scripting vulnerability due to a $@. | ReflectedXss.js:100:31:100:38 | req.body | user-provided value |
| ReflectedXss.js:103:12:103:84 | markdow ... q.body) | ReflectedXss.js:103:76:103:83 | req.body | ReflectedXss.js:103:12:103:84 | markdow ... q.body) | Cross-site scripting vulnerability due to a $@. | ReflectedXss.js:103:76:103:83 | req.body | user-provided value |
| ReflectedXss.js:110:16:110:30 | request.query.p | ReflectedXss.js:110:16:110:30 | request.query.p | ReflectedXss.js:110:16:110:30 | request.query.p | Cross-site scripting vulnerability due to a $@. | ReflectedXss.js:110:16:110:30 | request.query.p | user-provided value |
| ReflectedXssContentTypes.js:10:14:10:36 | "FOO: " ... rams.id | ReflectedXssContentTypes.js:10:24:10:36 | req.params.id | ReflectedXssContentTypes.js:10:14:10:36 | "FOO: " ... rams.id | Cross-site scripting vulnerability due to a $@. | ReflectedXssContentTypes.js:10:24:10:36 | req.params.id | user-provided value |
| ReflectedXssContentTypes.js:20:14:20:36 | "FOO: " ... rams.id | ReflectedXssContentTypes.js:20:24:20:36 | req.params.id | ReflectedXssContentTypes.js:20:14:20:36 | "FOO: " ... rams.id | Cross-site scripting vulnerability due to a $@. | ReflectedXssContentTypes.js:20:24:20:36 | req.params.id | user-provided value |
| ReflectedXssContentTypes.js:39:13:39:35 | "FOO: " ... rams.id | ReflectedXssContentTypes.js:39:23:39:35 | req.params.id | ReflectedXssContentTypes.js:39:13:39:35 | "FOO: " ... rams.id | Cross-site scripting vulnerability due to a $@. | ReflectedXssContentTypes.js:39:23:39:35 | req.params.id | user-provided value |
| ReflectedXssContentTypes.js:70:12:70:34 | "FOO: " ... rams.id | ReflectedXssContentTypes.js:70:22:70:34 | req.params.id | ReflectedXssContentTypes.js:70:12:70:34 | "FOO: " ... rams.id | Cross-site scripting vulnerability due to a $@. | ReflectedXssContentTypes.js:70:22:70:34 | req.params.id | user-provided value |
| ReflectedXssGood3.js:139:12:139:27 | escapeHtml3(url) | ReflectedXssGood3.js:135:15:135:27 | req.params.id | ReflectedXssGood3.js:139:12:139:27 | escapeHtml3(url) | Cross-site scripting vulnerability due to a $@. | ReflectedXssGood3.js:135:15:135:27 | req.params.id | user-provided value |
| etherpad.js:11:12:11:19 | response | etherpad.js:9:16:9:30 | req.query.jsonp | etherpad.js:11:12:11:19 | response | Cross-site scripting vulnerability due to a $@. | etherpad.js:9:16:9:30 | req.query.jsonp | user-provided value |
| formatting.js:6:14:6:47 | util.fo ... , evil) | formatting.js:4:16:4:29 | req.query.evil | formatting.js:6:14:6:47 | util.fo ... , evil) | Cross-site scripting vulnerability due to a $@. | formatting.js:4:16:4:29 | req.query.evil | user-provided value |
| formatting.js:7:14:7:53 | require ... , evil) | formatting.js:4:16:4:29 | req.query.evil | formatting.js:7:14:7:53 | require ... , evil) | Cross-site scripting vulnerability due to a $@. | formatting.js:4:16:4:29 | req.query.evil | user-provided value |
| live-server.js:6:13:6:50 | `<html> ... /html>` | live-server.js:4:21:4:27 | req.url | live-server.js:6:13:6:50 | `<html> ... /html>` | Cross-site scripting vulnerability due to a $@. | live-server.js:4:21:4:27 | req.url | user-provided value |
| live-server.js:12:13:12:50 | `<html> ... /html>` | live-server.js:10:21:10:27 | req.url | live-server.js:12:13:12:50 | `<html> ... /html>` | Cross-site scripting vulnerability due to a $@. | live-server.js:10:21:10:27 | req.url | user-provided value |
| pages/Next.jsx:8:13:8:19 | req.url | pages/Next.jsx:8:13:8:19 | req.url | pages/Next.jsx:8:13:8:19 | req.url | Cross-site scripting vulnerability due to a $@. | pages/Next.jsx:8:13:8:19 | req.url | user-provided value |
| pages/Next.jsx:15:13:15:19 | req.url | pages/Next.jsx:15:13:15:19 | req.url | pages/Next.jsx:15:13:15:19 | req.url | Cross-site scripting vulnerability due to a $@. | pages/Next.jsx:15:13:15:19 | req.url | user-provided value |
| pages/api/myapi.js:2:14:2:20 | req.url | pages/api/myapi.js:2:14:2:20 | req.url | pages/api/myapi.js:2:14:2:20 | req.url | Cross-site scripting vulnerability due to a $@. | pages/api/myapi.js:2:14:2:20 | req.url | user-provided value |
| promises.js:6:25:6:25 | x | promises.js:5:44:5:57 | req.query.data | promises.js:6:25:6:25 | x | Cross-site scripting vulnerability due to a $@. | promises.js:5:44:5:57 | req.query.data | user-provided value |
| tst2.js:7:12:7:12 | p | tst2.js:6:9:6:9 | p | tst2.js:7:12:7:12 | p | Cross-site scripting vulnerability due to a $@. | tst2.js:6:9:6:9 | p | user-provided value |
| tst2.js:8:12:8:12 | r | tst2.js:6:12:6:15 | q: r | tst2.js:8:12:8:12 | r | Cross-site scripting vulnerability due to a $@. | tst2.js:6:12:6:15 | q: r | user-provided value |
| tst2.js:18:12:18:12 | p | tst2.js:14:9:14:9 | p | tst2.js:18:12:18:12 | p | Cross-site scripting vulnerability due to a $@. | tst2.js:14:9:14:9 | p | user-provided value |
| tst2.js:21:14:21:14 | p | tst2.js:14:9:14:9 | p | tst2.js:21:14:21:14 | p | Cross-site scripting vulnerability due to a $@. | tst2.js:14:9:14:9 | p | user-provided value |
| tst2.js:36:12:36:12 | p | tst2.js:30:9:30:9 | p | tst2.js:36:12:36:12 | p | Cross-site scripting vulnerability due to a $@. | tst2.js:30:9:30:9 | p | user-provided value |
| tst2.js:37:12:37:18 | other.p | tst2.js:30:9:30:9 | p | tst2.js:37:12:37:18 | other.p | Cross-site scripting vulnerability due to a $@. | tst2.js:30:9:30:9 | p | user-provided value |
| tst2.js:51:12:51:17 | unsafe | tst2.js:43:9:43:9 | p | tst2.js:51:12:51:17 | unsafe | Cross-site scripting vulnerability due to a $@. | tst2.js:43:9:43:9 | p | user-provided value |
| tst2.js:63:12:63:12 | p | tst2.js:57:9:57:9 | p | tst2.js:63:12:63:12 | p | Cross-site scripting vulnerability due to a $@. | tst2.js:57:9:57:9 | p | user-provided value |
| tst2.js:64:12:64:18 | other.p | tst2.js:57:9:57:9 | p | tst2.js:64:12:64:18 | other.p | Cross-site scripting vulnerability due to a $@. | tst2.js:57:9:57:9 | p | user-provided value |
| tst2.js:75:12:75:12 | p | tst2.js:69:9:69:9 | p | tst2.js:75:12:75:12 | p | Cross-site scripting vulnerability due to a $@. | tst2.js:69:9:69:9 | p | user-provided value |
| tst2.js:76:12:76:18 | other.p | tst2.js:69:9:69:9 | p | tst2.js:76:12:76:18 | other.p | Cross-site scripting vulnerability due to a $@. | tst2.js:69:9:69:9 | p | user-provided value |
| tst2.js:88:12:88:12 | p | tst2.js:82:9:82:9 | p | tst2.js:88:12:88:12 | p | Cross-site scripting vulnerability due to a $@. | tst2.js:82:9:82:9 | p | user-provided value |
| tst2.js:89:12:89:18 | other.p | tst2.js:82:9:82:9 | p | tst2.js:89:12:89:18 | other.p | Cross-site scripting vulnerability due to a $@. | tst2.js:82:9:82:9 | p | user-provided value |
| tst3.js:6:12:6:12 | p | tst3.js:5:9:5:9 | p | tst3.js:6:12:6:12 | p | Cross-site scripting vulnerability due to a $@. | tst3.js:5:9:5:9 | p | user-provided value |
| tst3.js:12:12:12:15 | code | tst3.js:11:32:11:39 | reg.body | tst3.js:12:12:12:15 | code | Cross-site scripting vulnerability due to a $@. | tst3.js:11:32:11:39 | reg.body | user-provided value |
