nodes
| clientSide.js:11:11:11:53 | query |
| clientSide.js:11:19:11:40 | window. ... .search |
| clientSide.js:11:19:11:40 | window. ... .search |
| clientSide.js:11:19:11:53 | window. ... ring(1) |
| clientSide.js:12:13:12:54 | 'https: ... + '/id' |
| clientSide.js:12:13:12:54 | 'https: ... + '/id' |
| clientSide.js:12:42:12:46 | query |
| clientSide.js:14:13:14:63 | 'https: ... .search |
| clientSide.js:14:13:14:63 | 'https: ... .search |
| clientSide.js:14:42:14:63 | window. ... .search |
| clientSide.js:14:42:14:63 | window. ... .search |
| clientSide.js:16:11:16:54 | fragment |
| clientSide.js:16:22:16:41 | window.location.hash |
| clientSide.js:16:22:16:41 | window.location.hash |
| clientSide.js:16:22:16:54 | window. ... ring(1) |
| clientSide.js:17:13:17:57 | 'https: ... + '/id' |
| clientSide.js:17:13:17:57 | 'https: ... + '/id' |
| clientSide.js:17:42:17:49 | fragment |
| clientSide.js:20:11:20:28 | name |
| clientSide.js:20:18:20:28 | window.name |
| clientSide.js:20:18:20:28 | window.name |
| clientSide.js:21:13:21:53 | 'https: ... + '/id' |
| clientSide.js:21:13:21:53 | 'https: ... + '/id' |
| clientSide.js:21:42:21:45 | name |
| clientSide.js:27:36:27:40 | event |
| clientSide.js:27:36:27:40 | event |
| clientSide.js:28:13:28:63 | 'https: ... + '/id' |
| clientSide.js:28:13:28:63 | 'https: ... + '/id' |
| clientSide.js:28:42:28:46 | event |
| clientSide.js:28:42:28:51 | event.data |
| clientSide.js:28:42:28:55 | event.data.foo |
edges
| clientSide.js:11:11:11:53 | query | clientSide.js:12:42:12:46 | query |
| clientSide.js:11:19:11:40 | window. ... .search | clientSide.js:11:19:11:53 | window. ... ring(1) |
| clientSide.js:11:19:11:40 | window. ... .search | clientSide.js:11:19:11:53 | window. ... ring(1) |
| clientSide.js:11:19:11:53 | window. ... ring(1) | clientSide.js:11:11:11:53 | query |
| clientSide.js:12:42:12:46 | query | clientSide.js:12:13:12:54 | 'https: ... + '/id' |
| clientSide.js:12:42:12:46 | query | clientSide.js:12:13:12:54 | 'https: ... + '/id' |
| clientSide.js:14:42:14:63 | window. ... .search | clientSide.js:14:13:14:63 | 'https: ... .search |
| clientSide.js:14:42:14:63 | window. ... .search | clientSide.js:14:13:14:63 | 'https: ... .search |
| clientSide.js:14:42:14:63 | window. ... .search | clientSide.js:14:13:14:63 | 'https: ... .search |
| clientSide.js:14:42:14:63 | window. ... .search | clientSide.js:14:13:14:63 | 'https: ... .search |
| clientSide.js:16:11:16:54 | fragment | clientSide.js:17:42:17:49 | fragment |
| clientSide.js:16:22:16:41 | window.location.hash | clientSide.js:16:22:16:54 | window. ... ring(1) |
| clientSide.js:16:22:16:41 | window.location.hash | clientSide.js:16:22:16:54 | window. ... ring(1) |
| clientSide.js:16:22:16:54 | window. ... ring(1) | clientSide.js:16:11:16:54 | fragment |
| clientSide.js:17:42:17:49 | fragment | clientSide.js:17:13:17:57 | 'https: ... + '/id' |
| clientSide.js:17:42:17:49 | fragment | clientSide.js:17:13:17:57 | 'https: ... + '/id' |
| clientSide.js:20:11:20:28 | name | clientSide.js:21:42:21:45 | name |
| clientSide.js:20:18:20:28 | window.name | clientSide.js:20:11:20:28 | name |
| clientSide.js:20:18:20:28 | window.name | clientSide.js:20:11:20:28 | name |
| clientSide.js:21:42:21:45 | name | clientSide.js:21:13:21:53 | 'https: ... + '/id' |
| clientSide.js:21:42:21:45 | name | clientSide.js:21:13:21:53 | 'https: ... + '/id' |
| clientSide.js:27:36:27:40 | event | clientSide.js:28:42:28:46 | event |
| clientSide.js:27:36:27:40 | event | clientSide.js:28:42:28:46 | event |
| clientSide.js:28:42:28:46 | event | clientSide.js:28:42:28:51 | event.data |
| clientSide.js:28:42:28:51 | event.data | clientSide.js:28:42:28:55 | event.data.foo |
| clientSide.js:28:42:28:55 | event.data.foo | clientSide.js:28:13:28:63 | 'https: ... + '/id' |
| clientSide.js:28:42:28:55 | event.data.foo | clientSide.js:28:13:28:63 | 'https: ... + '/id' |
#select
| clientSide.js:12:5:12:55 | request ...  '/id') | clientSide.js:11:19:11:40 | window. ... .search | clientSide.js:12:13:12:54 | 'https: ... + '/id' | The $@ of this request depends on $@. | clientSide.js:12:13:12:54 | 'https: ... + '/id' | URL | clientSide.js:11:19:11:40 | window. ... .search | a user-provided value |
| clientSide.js:14:5:14:64 | request ... search) | clientSide.js:14:42:14:63 | window. ... .search | clientSide.js:14:13:14:63 | 'https: ... .search | The $@ of this request depends on $@. | clientSide.js:14:13:14:63 | 'https: ... .search | URL | clientSide.js:14:42:14:63 | window. ... .search | a user-provided value |
| clientSide.js:17:5:17:58 | request ...  '/id') | clientSide.js:16:22:16:41 | window.location.hash | clientSide.js:17:13:17:57 | 'https: ... + '/id' | The $@ of this request depends on $@. | clientSide.js:17:13:17:57 | 'https: ... + '/id' | URL | clientSide.js:16:22:16:41 | window.location.hash | a user-provided value |
| clientSide.js:21:5:21:54 | request ...  '/id') | clientSide.js:20:18:20:28 | window.name | clientSide.js:21:13:21:53 | 'https: ... + '/id' | The $@ of this request depends on $@. | clientSide.js:21:13:21:53 | 'https: ... + '/id' | URL | clientSide.js:20:18:20:28 | window.name | a user-provided value |
| clientSide.js:28:5:28:64 | request ...  '/id') | clientSide.js:27:36:27:40 | event | clientSide.js:28:13:28:63 | 'https: ... + '/id' | The $@ of this request depends on $@. | clientSide.js:28:13:28:63 | 'https: ... + '/id' | URL | clientSide.js:27:36:27:40 | event | a user-provided value |
