consistencyIssue
resultInWrongFile
| clientSide.js:28:13:28:63 | 'https: ... + '/id' |
