sourceModel
sinkModel
summaryModel
| A! | Method[new] | Argument[0] | ReturnValue | value |
typeVariableModel
typeModel
| M1 | B |  |
| M1! | B! |  |
