| tst.js:20:18:20:60 | // $ ha ... ISSING] | Missing result:hasValueFlow=explicit_source |
