edges
| unsafe-jquery-plugin.js:2:38:2:44 | options | unsafe-jquery-plugin.js:3:5:3:11 | options |
| unsafe-jquery-plugin.js:2:38:2:44 | options | unsafe-jquery-plugin.js:5:5:5:11 | options |
| unsafe-jquery-plugin.js:2:38:2:44 | options | unsafe-jquery-plugin.js:7:17:7:23 | options |
| unsafe-jquery-plugin.js:2:38:2:44 | options | unsafe-jquery-plugin.js:11:16:11:22 | options |
| unsafe-jquery-plugin.js:5:5:5:11 | options | unsafe-jquery-plugin.js:5:5:5:18 | options.target |
| unsafe-jquery-plugin.js:5:5:5:11 | options | unsafe-jquery-plugin.js:5:5:5:18 | options.target |
| unsafe-jquery-plugin.js:5:5:5:18 | options.target | unsafe-jquery-plugin.js:11:16:11:29 | options.target |
| unsafe-jquery-plugin.js:7:17:7:23 | options | unsafe-jquery-plugin.js:7:17:7:30 | options.target |
| unsafe-jquery-plugin.js:7:17:7:30 | options.target | unsafe-jquery-plugin.js:11:16:11:29 | options.target |
| unsafe-jquery-plugin.js:11:7:11:29 | target | unsafe-jquery-plugin.js:22:6:22:11 | target |
| unsafe-jquery-plugin.js:11:7:11:29 | target | unsafe-jquery-plugin.js:30:6:30:11 | target |
| unsafe-jquery-plugin.js:11:7:11:29 | target | unsafe-jquery-plugin.js:36:6:36:11 | target |
| unsafe-jquery-plugin.js:11:7:11:29 | target | unsafe-jquery-plugin.js:40:6:40:11 | target |
| unsafe-jquery-plugin.js:11:7:11:29 | target | unsafe-jquery-plugin.js:48:6:48:11 | target |
| unsafe-jquery-plugin.js:11:7:11:29 | target | unsafe-jquery-plugin.js:52:6:52:11 | target |
| unsafe-jquery-plugin.js:11:7:11:29 | target | unsafe-jquery-plugin.js:60:6:60:11 | target |
| unsafe-jquery-plugin.js:11:16:11:22 | options | unsafe-jquery-plugin.js:11:16:11:29 | options.target |
| unsafe-jquery-plugin.js:11:16:11:29 | options.target | unsafe-jquery-plugin.js:11:7:11:29 | target |
| unsafe-jquery-plugin.js:71:38:71:44 | options | unsafe-jquery-plugin.js:72:5:72:11 | options |
| unsafe-jquery-plugin.js:72:5:72:11 | options | unsafe-jquery-plugin.js:72:5:72:23 | options.foo.bar.baz |
| unsafe-jquery-plugin.js:76:38:76:44 | options | unsafe-jquery-plugin.js:77:17:77:23 | options |
| unsafe-jquery-plugin.js:77:17:77:23 | options | unsafe-jquery-plugin.js:77:17:77:35 | options.foo.bar.baz |
| unsafe-jquery-plugin.js:101:38:101:44 | options | unsafe-jquery-plugin.js:105:6:105:12 | options |
| unsafe-jquery-plugin.js:102:3:105:13 | options | unsafe-jquery-plugin.js:107:5:107:11 | options |
| unsafe-jquery-plugin.js:102:13:105:13 | $.exten ... ptions) | unsafe-jquery-plugin.js:102:3:105:13 | options |
| unsafe-jquery-plugin.js:105:6:105:12 | options | unsafe-jquery-plugin.js:102:13:105:13 | $.exten ... ptions) |
| unsafe-jquery-plugin.js:107:5:107:11 | options | unsafe-jquery-plugin.js:107:5:107:18 | options.target |
| unsafe-jquery-plugin.js:114:38:114:44 | options | unsafe-jquery-plugin.js:115:51:115:57 | options |
| unsafe-jquery-plugin.js:115:3:115:58 | options | unsafe-jquery-plugin.js:117:5:117:11 | options |
| unsafe-jquery-plugin.js:115:13:115:58 | $.exten ... ptions) | unsafe-jquery-plugin.js:115:3:115:58 | options |
| unsafe-jquery-plugin.js:115:51:115:57 | options | unsafe-jquery-plugin.js:115:13:115:58 | $.exten ... ptions) |
| unsafe-jquery-plugin.js:117:5:117:11 | options | unsafe-jquery-plugin.js:117:5:117:18 | options.target |
| unsafe-jquery-plugin.js:121:40:121:46 | options | unsafe-jquery-plugin.js:122:5:122:11 | options |
| unsafe-jquery-plugin.js:122:5:122:11 | options | unsafe-jquery-plugin.js:122:5:122:18 | options.target |
| unsafe-jquery-plugin.js:126:33:126:39 | options | unsafe-jquery-plugin.js:127:6:127:12 | options |
| unsafe-jquery-plugin.js:127:6:127:12 | options | unsafe-jquery-plugin.js:127:6:127:19 | options.target |
| unsafe-jquery-plugin.js:131:34:131:40 | options | unsafe-jquery-plugin.js:132:5:132:11 | options |
| unsafe-jquery-plugin.js:132:5:132:11 | options | unsafe-jquery-plugin.js:132:5:132:18 | options.target |
| unsafe-jquery-plugin.js:135:36:135:42 | options | unsafe-jquery-plugin.js:136:5:136:11 | options |
| unsafe-jquery-plugin.js:136:5:136:11 | options | unsafe-jquery-plugin.js:136:5:136:29 | options ... elector |
| unsafe-jquery-plugin.js:153:38:153:44 | options | unsafe-jquery-plugin.js:154:16:154:22 | options |
| unsafe-jquery-plugin.js:153:38:153:44 | options | unsafe-jquery-plugin.js:156:3:156:9 | options |
| unsafe-jquery-plugin.js:153:38:153:44 | options | unsafe-jquery-plugin.js:157:44:157:50 | options |
| unsafe-jquery-plugin.js:154:16:154:22 | options | unsafe-jquery-plugin.js:154:16:154:29 | options.target |
| unsafe-jquery-plugin.js:154:16:154:29 | options.target | unsafe-jquery-plugin.js:156:3:156:16 | options.target |
| unsafe-jquery-plugin.js:154:16:154:29 | options.target | unsafe-jquery-plugin.js:157:44:157:57 | options.target |
| unsafe-jquery-plugin.js:156:3:156:9 | options | unsafe-jquery-plugin.js:156:3:156:16 | options.target |
| unsafe-jquery-plugin.js:156:3:156:16 | options.target | unsafe-jquery-plugin.js:157:44:157:57 | options.target |
| unsafe-jquery-plugin.js:157:44:157:50 | options | unsafe-jquery-plugin.js:157:44:157:57 | options.target |
| unsafe-jquery-plugin.js:157:44:157:57 | options.target | unsafe-jquery-plugin.js:157:44:157:59 | options.target.a |
| unsafe-jquery-plugin.js:160:38:160:44 | options | unsafe-jquery-plugin.js:165:16:165:22 | options |
| unsafe-jquery-plugin.js:165:7:165:29 | target | unsafe-jquery-plugin.js:170:6:170:11 | target |
| unsafe-jquery-plugin.js:165:16:165:22 | options | unsafe-jquery-plugin.js:165:7:165:29 | target |
| unsafe-jquery-plugin.js:178:27:178:33 | options | unsafe-jquery-plugin.js:179:5:179:11 | options |
| unsafe-jquery-plugin.js:179:5:179:11 | options | unsafe-jquery-plugin.js:179:5:179:18 | options.target |
| unsafe-jquery-plugin.js:185:28:185:34 | options | unsafe-jquery-plugin.js:186:21:186:27 | options |
| unsafe-jquery-plugin.js:186:21:186:27 | options | unsafe-jquery-plugin.js:186:21:186:30 | options.of |
| unsafe-jquery-plugin.js:186:21:186:30 | options.of | unsafe-jquery-plugin.js:192:19:192:28 | options.of |
nodes
| unsafe-jquery-plugin.js:2:38:2:44 | options | semmle.label | options |
| unsafe-jquery-plugin.js:3:5:3:11 | options | semmle.label | options |
| unsafe-jquery-plugin.js:5:5:5:11 | options | semmle.label | options |
| unsafe-jquery-plugin.js:5:5:5:18 | options.target | semmle.label | options.target |
| unsafe-jquery-plugin.js:5:5:5:18 | options.target | semmle.label | options.target |
| unsafe-jquery-plugin.js:7:17:7:23 | options | semmle.label | options |
| unsafe-jquery-plugin.js:7:17:7:30 | options.target | semmle.label | options.target |
| unsafe-jquery-plugin.js:11:7:11:29 | target | semmle.label | target |
| unsafe-jquery-plugin.js:11:16:11:22 | options | semmle.label | options |
| unsafe-jquery-plugin.js:11:16:11:29 | options.target | semmle.label | options.target |
| unsafe-jquery-plugin.js:22:6:22:11 | target | semmle.label | target |
| unsafe-jquery-plugin.js:30:6:30:11 | target | semmle.label | target |
| unsafe-jquery-plugin.js:36:6:36:11 | target | semmle.label | target |
| unsafe-jquery-plugin.js:40:6:40:11 | target | semmle.label | target |
| unsafe-jquery-plugin.js:48:6:48:11 | target | semmle.label | target |
| unsafe-jquery-plugin.js:52:6:52:11 | target | semmle.label | target |
| unsafe-jquery-plugin.js:60:6:60:11 | target | semmle.label | target |
| unsafe-jquery-plugin.js:71:38:71:44 | options | semmle.label | options |
| unsafe-jquery-plugin.js:72:5:72:11 | options | semmle.label | options |
| unsafe-jquery-plugin.js:72:5:72:23 | options.foo.bar.baz | semmle.label | options.foo.bar.baz |
| unsafe-jquery-plugin.js:76:38:76:44 | options | semmle.label | options |
| unsafe-jquery-plugin.js:77:17:77:23 | options | semmle.label | options |
| unsafe-jquery-plugin.js:77:17:77:35 | options.foo.bar.baz | semmle.label | options.foo.bar.baz |
| unsafe-jquery-plugin.js:101:38:101:44 | options | semmle.label | options |
| unsafe-jquery-plugin.js:102:3:105:13 | options | semmle.label | options |
| unsafe-jquery-plugin.js:102:13:105:13 | $.exten ... ptions) | semmle.label | $.exten ... ptions) |
| unsafe-jquery-plugin.js:105:6:105:12 | options | semmle.label | options |
| unsafe-jquery-plugin.js:107:5:107:11 | options | semmle.label | options |
| unsafe-jquery-plugin.js:107:5:107:18 | options.target | semmle.label | options.target |
| unsafe-jquery-plugin.js:114:38:114:44 | options | semmle.label | options |
| unsafe-jquery-plugin.js:115:3:115:58 | options | semmle.label | options |
| unsafe-jquery-plugin.js:115:13:115:58 | $.exten ... ptions) | semmle.label | $.exten ... ptions) |
| unsafe-jquery-plugin.js:115:51:115:57 | options | semmle.label | options |
| unsafe-jquery-plugin.js:117:5:117:11 | options | semmle.label | options |
| unsafe-jquery-plugin.js:117:5:117:18 | options.target | semmle.label | options.target |
| unsafe-jquery-plugin.js:121:40:121:46 | options | semmle.label | options |
| unsafe-jquery-plugin.js:122:5:122:11 | options | semmle.label | options |
| unsafe-jquery-plugin.js:122:5:122:18 | options.target | semmle.label | options.target |
| unsafe-jquery-plugin.js:126:33:126:39 | options | semmle.label | options |
| unsafe-jquery-plugin.js:127:6:127:12 | options | semmle.label | options |
| unsafe-jquery-plugin.js:127:6:127:19 | options.target | semmle.label | options.target |
| unsafe-jquery-plugin.js:131:34:131:40 | options | semmle.label | options |
| unsafe-jquery-plugin.js:132:5:132:11 | options | semmle.label | options |
| unsafe-jquery-plugin.js:132:5:132:18 | options.target | semmle.label | options.target |
| unsafe-jquery-plugin.js:135:36:135:42 | options | semmle.label | options |
| unsafe-jquery-plugin.js:136:5:136:11 | options | semmle.label | options |
| unsafe-jquery-plugin.js:136:5:136:29 | options ... elector | semmle.label | options ... elector |
| unsafe-jquery-plugin.js:153:38:153:44 | options | semmle.label | options |
| unsafe-jquery-plugin.js:154:16:154:22 | options | semmle.label | options |
| unsafe-jquery-plugin.js:154:16:154:29 | options.target | semmle.label | options.target |
| unsafe-jquery-plugin.js:156:3:156:9 | options | semmle.label | options |
| unsafe-jquery-plugin.js:156:3:156:16 | options.target | semmle.label | options.target |
| unsafe-jquery-plugin.js:157:44:157:50 | options | semmle.label | options |
| unsafe-jquery-plugin.js:157:44:157:57 | options.target | semmle.label | options.target |
| unsafe-jquery-plugin.js:157:44:157:59 | options.target.a | semmle.label | options.target.a |
| unsafe-jquery-plugin.js:160:38:160:44 | options | semmle.label | options |
| unsafe-jquery-plugin.js:165:7:165:29 | target | semmle.label | target |
| unsafe-jquery-plugin.js:165:16:165:22 | options | semmle.label | options |
| unsafe-jquery-plugin.js:170:6:170:11 | target | semmle.label | target |
| unsafe-jquery-plugin.js:178:27:178:33 | options | semmle.label | options |
| unsafe-jquery-plugin.js:179:5:179:11 | options | semmle.label | options |
| unsafe-jquery-plugin.js:179:5:179:18 | options.target | semmle.label | options.target |
| unsafe-jquery-plugin.js:185:28:185:34 | options | semmle.label | options |
| unsafe-jquery-plugin.js:186:21:186:27 | options | semmle.label | options |
| unsafe-jquery-plugin.js:186:21:186:30 | options.of | semmle.label | options.of |
| unsafe-jquery-plugin.js:192:19:192:28 | options.of | semmle.label | options.of |
subpaths
#select
| unsafe-jquery-plugin.js:3:5:3:11 | options | unsafe-jquery-plugin.js:2:38:2:44 | options | unsafe-jquery-plugin.js:3:5:3:11 | options | Potential XSS vulnerability in the $@. | unsafe-jquery-plugin.js:2:19:63:2 | functio ... \\t\\t}\\n\\n\\t} | '$.fn.my_plugin' plugin |
| unsafe-jquery-plugin.js:5:5:5:18 | options.target | unsafe-jquery-plugin.js:2:38:2:44 | options | unsafe-jquery-plugin.js:5:5:5:18 | options.target | Potential XSS vulnerability in the $@. | unsafe-jquery-plugin.js:2:19:63:2 | functio ... \\t\\t}\\n\\n\\t} | '$.fn.my_plugin' plugin |
| unsafe-jquery-plugin.js:22:6:22:11 | target | unsafe-jquery-plugin.js:2:38:2:44 | options | unsafe-jquery-plugin.js:22:6:22:11 | target | Potential XSS vulnerability in the $@. | unsafe-jquery-plugin.js:2:19:63:2 | functio ... \\t\\t}\\n\\n\\t} | '$.fn.my_plugin' plugin |
| unsafe-jquery-plugin.js:30:6:30:11 | target | unsafe-jquery-plugin.js:2:38:2:44 | options | unsafe-jquery-plugin.js:30:6:30:11 | target | Potential XSS vulnerability in the $@. | unsafe-jquery-plugin.js:2:19:63:2 | functio ... \\t\\t}\\n\\n\\t} | '$.fn.my_plugin' plugin |
| unsafe-jquery-plugin.js:36:6:36:11 | target | unsafe-jquery-plugin.js:2:38:2:44 | options | unsafe-jquery-plugin.js:36:6:36:11 | target | Potential XSS vulnerability in the $@. | unsafe-jquery-plugin.js:2:19:63:2 | functio ... \\t\\t}\\n\\n\\t} | '$.fn.my_plugin' plugin |
| unsafe-jquery-plugin.js:40:6:40:11 | target | unsafe-jquery-plugin.js:2:38:2:44 | options | unsafe-jquery-plugin.js:40:6:40:11 | target | Potential XSS vulnerability in the $@. | unsafe-jquery-plugin.js:2:19:63:2 | functio ... \\t\\t}\\n\\n\\t} | '$.fn.my_plugin' plugin |
| unsafe-jquery-plugin.js:48:6:48:11 | target | unsafe-jquery-plugin.js:2:38:2:44 | options | unsafe-jquery-plugin.js:48:6:48:11 | target | Potential XSS vulnerability in the $@. | unsafe-jquery-plugin.js:2:19:63:2 | functio ... \\t\\t}\\n\\n\\t} | '$.fn.my_plugin' plugin |
| unsafe-jquery-plugin.js:52:6:52:11 | target | unsafe-jquery-plugin.js:2:38:2:44 | options | unsafe-jquery-plugin.js:52:6:52:11 | target | Potential XSS vulnerability in the $@. | unsafe-jquery-plugin.js:2:19:63:2 | functio ... \\t\\t}\\n\\n\\t} | '$.fn.my_plugin' plugin |
| unsafe-jquery-plugin.js:60:6:60:11 | target | unsafe-jquery-plugin.js:2:38:2:44 | options | unsafe-jquery-plugin.js:60:6:60:11 | target | Potential XSS vulnerability in the $@. | unsafe-jquery-plugin.js:2:19:63:2 | functio ... \\t\\t}\\n\\n\\t} | '$.fn.my_plugin' plugin |
| unsafe-jquery-plugin.js:72:5:72:23 | options.foo.bar.baz | unsafe-jquery-plugin.js:71:38:71:44 | options | unsafe-jquery-plugin.js:72:5:72:23 | options.foo.bar.baz | Potential XSS vulnerability in the $@. | unsafe-jquery-plugin.js:71:19:74:2 | functio ... / OK\\n\\t} | '$.fn.my_plugin' plugin |
| unsafe-jquery-plugin.js:77:17:77:35 | options.foo.bar.baz | unsafe-jquery-plugin.js:76:38:76:44 | options | unsafe-jquery-plugin.js:77:17:77:35 | options.foo.bar.baz | Potential XSS vulnerability in the $@. | unsafe-jquery-plugin.js:76:19:78:2 | functio ... T OK\\n\\t} | '$.fn.my_plugin' plugin |
| unsafe-jquery-plugin.js:107:5:107:18 | options.target | unsafe-jquery-plugin.js:101:38:101:44 | options | unsafe-jquery-plugin.js:107:5:107:18 | options.target | Potential XSS vulnerability in the $@. | unsafe-jquery-plugin.js:101:19:108:2 | functio ... T OK\\n\\t} | '$.fn.my_plugin' plugin |
| unsafe-jquery-plugin.js:117:5:117:18 | options.target | unsafe-jquery-plugin.js:114:38:114:44 | options | unsafe-jquery-plugin.js:117:5:117:18 | options.target | Potential XSS vulnerability in the $@. | unsafe-jquery-plugin.js:114:19:118:2 | functio ... T OK\\n\\t} | '$.fn.my_plugin' plugin |
| unsafe-jquery-plugin.js:122:5:122:18 | options.target | unsafe-jquery-plugin.js:121:40:121:46 | options | unsafe-jquery-plugin.js:122:5:122:18 | options.target | Potential XSS vulnerability in the $@. | unsafe-jquery-plugin.js:121:21:123:2 | functio ... T OK\\n\\t} | '$.fn.my_plugin' plugin |
| unsafe-jquery-plugin.js:127:6:127:19 | options.target | unsafe-jquery-plugin.js:126:33:126:39 | options | unsafe-jquery-plugin.js:127:6:127:19 | options.target | Potential XSS vulnerability in the $@. | unsafe-jquery-plugin.js:126:14:128:3 | functio ...  OK\\n\\t\\t} | '$.fn.my_plugin' plugin |
| unsafe-jquery-plugin.js:132:5:132:18 | options.target | unsafe-jquery-plugin.js:131:34:131:40 | options | unsafe-jquery-plugin.js:132:5:132:18 | options.target | Potential XSS vulnerability in the $@. | unsafe-jquery-plugin.js:131:15:133:2 | functio ... T OK\\n\\t} | '$.fn.affix' plugin |
| unsafe-jquery-plugin.js:136:5:136:29 | options ... elector | unsafe-jquery-plugin.js:135:36:135:42 | options | unsafe-jquery-plugin.js:136:5:136:29 | options ... elector | Potential XSS vulnerability in the $@. | unsafe-jquery-plugin.js:135:17:137:2 | functio ... T OK\\n\\t} | '$.fn.tooltip' plugin |
| unsafe-jquery-plugin.js:157:44:157:59 | options.target.a | unsafe-jquery-plugin.js:153:38:153:44 | options | unsafe-jquery-plugin.js:157:44:157:59 | options.target.a | Potential XSS vulnerability in the $@. | unsafe-jquery-plugin.js:153:19:158:2 | functio ... NCY]\\n\\t} | '$.fn.my_plugin' plugin |
| unsafe-jquery-plugin.js:170:6:170:11 | target | unsafe-jquery-plugin.js:160:38:160:44 | options | unsafe-jquery-plugin.js:170:6:170:11 | target | Potential XSS vulnerability in the $@. | unsafe-jquery-plugin.js:160:19:173:2 | functio ... \\t\\t}\\n\\n\\t} | '$.fn.my_plugin' plugin |
| unsafe-jquery-plugin.js:179:5:179:18 | options.target | unsafe-jquery-plugin.js:178:27:178:33 | options | unsafe-jquery-plugin.js:179:5:179:18 | options.target | Potential XSS vulnerability in the $@. | unsafe-jquery-plugin.js:178:18:180:2 | functio ... T OK\\n\\t} | '$.fn.my_plugin' plugin |
| unsafe-jquery-plugin.js:192:19:192:28 | options.of | unsafe-jquery-plugin.js:185:28:185:34 | options | unsafe-jquery-plugin.js:192:19:192:28 | options.of | Potential XSS vulnerability in the $@. | unsafe-jquery-plugin.js:185:18:194:2 | functio ... et);\\n\\t} | '$.fn.position' plugin |
