| library-tests/FlowSummary/tst.js:278 | expected an alert, but found none | NOT OK | ConsistencyConfig |
| library-tests/FlowSummary/tst.js:282 | expected an alert, but found none | NOT OK | ConsistencyConfig |
| library-tests/FlowSummary/tst.js:283 | expected an alert, but found none | NOT OK | ConsistencyConfig |
| library-tests/FlowSummary/tst.js:286 | expected an alert, but found none | NOT OK | ConsistencyConfig |
| library-tests/FlowSummary/tst.js:287 | expected an alert, but found none | NOT OK | ConsistencyConfig |
| library-tests/FlowSummary/tst.js:290 | expected an alert, but found none | NOT OK | ConsistencyConfig |
| library-tests/FlowSummary/tst.js:291 | expected an alert, but found none | NOT OK | ConsistencyConfig |
