| json-schema-validator.js:27:13:27:27 | doc.find(query) |
| json-schema-validator.js:30:13:30:27 | doc.find(query) |
| json-schema-validator.js:33:13:33:27 | doc.find(query) |
| json-schema-validator.js:35:9:35:23 | doc.find(query) |
| json-schema-validator.js:53:13:53:27 | doc.find(query) |
| json-schema-validator.js:55:13:55:27 | doc.find(query) |
| json-schema-validator.js:59:13:59:27 | doc.find(query) |
| json-schema-validator.js:61:13:61:27 | doc.find(query) |
| marsdb-flow-to.js:14:3:14:22 | db.myDoc.find(query) |
| marsdb.js:16:3:16:17 | doc.find(query) |
| minimongo.js:18:3:18:17 | doc.find(query) |
| mongodb.js:18:7:18:21 | doc.find(query) |
| mongodb.js:21:7:21:48 | doc.fin ... itle }) |
| mongodb.js:24:7:24:53 | doc.fin ... r(1) }) |
| mongodb.js:29:9:29:34 | doc.fin ... itle }) |
| mongodb.js:32:9:32:46 | doc.fin ... tle) }) |
| mongodb.js:43:7:43:21 | doc.find(query) |
| mongodb.js:54:7:54:21 | doc.find(query) |
| mongodb.js:65:3:65:17 | doc.find(query) |
| mongodb.js:73:5:77:27 | client\\n ...  tag }) |
| mongodb.js:81:3:85:25 | importe ...  tag }) |
| mongodb.js:98:5:98:19 | doc.find(query) |
| mongodb.js:112:5:112:19 | doc.find(query) |
| mongodb_bodySafe.js:18:7:18:21 | doc.find(query) |
| mongodb_bodySafe.js:29:7:29:21 | doc.find(query) |
| mongoose.js:24:5:24:31 | Documen ... query]) |
| mongoose.js:27:5:27:25 | Documen ... (query) |
| mongoose.js:30:5:30:30 | Documen ... (query) |
| mongoose.js:33:5:33:29 | Documen ... (query) |
| mongoose.js:36:5:36:36 | Documen ...  query) |
| mongoose.js:39:5:39:24 | Document.find(query) |
| mongoose.js:42:5:42:27 | Documen ... (query) |
| mongoose.js:45:5:45:36 | Documen ... (query) |
| mongoose.js:48:5:48:36 | Documen ... (query) |
| mongoose.js:51:5:51:36 | Documen ... (query) |
| mongoose.js:54:5:54:30 | Documen ... (query) |
| mongoose.js:57:5:57:26 | Documen ... (query) |
| mongoose.js:60:5:60:30 | Documen ... (query) |
| mongoose.js:63:2:63:26 | Documen ... (query) |
| mongoose.js:65:2:65:51 | Documen ... on(){}) |
| mongoose.js:67:2:68:27 | new Mon ... on(){}) |
| mongoose.js:71:5:71:25 | Documen ... (query) |
| mongoose.js:71:5:72:21 | Documen ... (query) |
| mongoose.js:71:5:73:13 | Documen ... (query) |
| mongoose.js:71:5:74:12 | Documen ... (query) |
| mongoose.js:71:5:75:21 | Documen ...  query) |
| mongoose.js:71:5:77:15 | Documen ... (query) |
| mongoose.js:82:2:82:51 | Mongoos ... (query) |
| mongoose.js:83:2:83:52 | Mongoos ... (query) |
| mongoose.js:85:2:85:52 | Documen ... query)) |
| mongoose.js:85:36:85:51 | res.count(query) |
| mongoose.js:86:2:86:52 | Documen ... query)) |
| mongoose.js:87:2:87:20 | Document.findOne(X) |
| mongoose.js:87:41:87:56 | res.count(query) |
| mongoose.js:88:2:88:20 | Document.findOne(X) |
| mongoose.js:89:2:89:20 | Document.findOne(X) |
| mongoose.js:89:36:89:51 | res.count(query) |
| mongoose.js:90:2:90:20 | Document.findOne(X) |
| mongoose.js:92:2:92:52 | Documen ... query)) |
| mongoose.js:92:33:92:51 | res[i].count(query) |
| mongoose.js:93:2:93:49 | Documen ... query)) |
| mongoose.js:94:2:94:17 | Document.find(X) |
| mongoose.js:94:38:94:56 | res[i].count(query) |
| mongoose.js:95:2:95:17 | Document.find(X) |
| mongoose.js:96:2:96:17 | Document.find(X) |
| mongoose.js:96:33:96:51 | res[i].count(query) |
| mongoose.js:97:2:97:17 | Document.find(X) |
| mongoose.js:99:2:99:50 | Documen ... query)) |
| mongoose.js:113:2:113:53 | Documen ... () { }) |
| mongoose.js:116:2:116:26 | Documen ... y(cond) |
| mongoose.js:117:2:117:25 | Documen ... e(cond) |
| mongoose.js:118:2:118:25 | Documen ... h(cond) |
| mongoose.js:119:2:119:22 | Documen ... e(cond) |
| mongoose.js:120:2:120:29 | Documen ... ond, Y) |
| mongoose.js:121:2:121:20 | Document.find(cond) |
| mongoose.js:122:2:122:23 | Documen ... e(cond) |
| mongoose.js:123:2:123:22 | Documen ... yId(id) |
| mongoose.js:124:2:124:32 | Documen ... e(cond) |
| mongoose.js:125:2:125:32 | Documen ... e(cond) |
| mongoose.js:126:2:126:35 | Documen ... ond, Y) |
| mongoose.js:127:2:127:25 | Documen ... ond, Y) |
| mongoose.js:128:2:128:29 | Documen ... ond, Y) |
| mongoose.js:129:2:129:28 | Documen ... ond, Y) |
| mongoose.js:130:2:130:27 | Documen ... : id }) |
| mongoose.js:131:2:131:36 | Documen ... id } }) |
| mongooseJsonParse.js:23:5:23:24 | Document.find(query) |
| mongooseModelClient.js:11:3:11:25 | MyModel ... d: v }) |
| mongooseModelClient.js:12:3:12:35 | MyModel ... y.id }) |
| mongooseModelClient.js:13:3:13:40 | MyModel ... id}` }) |
| mysql.js:8:9:11:47 | connect ... ds) {}) |
| mysql.js:14:9:16:47 | connect ... ds) {}) |
| mysql.js:19:9:20:48 | connect ... ds) {}) |
| pg-promise-types.ts:8:5:8:22 | this.db.one(taint) |
| pg-promise.js:9:3:9:15 | db.any(query) |
| pg-promise.js:10:3:10:16 | db.many(query) |
| pg-promise.js:11:3:11:22 | db.manyOrNone(query) |
| pg-promise.js:12:3:12:15 | db.map(query) |
| pg-promise.js:13:3:13:17 | db.multi(query) |
| pg-promise.js:14:3:14:23 | db.mult ... (query) |
| pg-promise.js:15:3:15:16 | db.none(query) |
| pg-promise.js:16:3:16:15 | db.one(query) |
| pg-promise.js:17:3:17:21 | db.oneOrNone(query) |
| pg-promise.js:18:3:18:17 | db.query(query) |
| pg-promise.js:19:3:19:18 | db.result(query) |
| pg-promise.js:21:3:23:4 | db.one( ... OK\\n  }) |
| pg-promise.js:24:3:27:4 | db.one( ... OK\\n  }) |
| pg-promise.js:28:3:31:4 | db.one( ... er\\n  }) |
| pg-promise.js:32:3:35:4 | db.one( ... OK\\n  }) |
| pg-promise.js:36:3:43:4 | db.one( ...  ]\\n  }) |
| pg-promise.js:44:3:50:4 | db.one( ...  }\\n  }) |
| pg-promise.js:51:3:58:4 | db.one( ...  }\\n  }) |
| pg-promise.js:60:14:60:25 | t.one(query) |
| pg-promise.js:63:17:63:28 | t.one(query) |
| pg-promise.js:64:10:64:21 | t.one(query) |
| redis.js:10:5:10:37 | client. ... value") |
| redis.js:14:9:14:32 | client. ... value") |
| redis.js:15:9:15:36 | client. ... alue"]) |
| redis.js:18:5:18:28 | client. ... value") |
| redis.js:19:5:19:56 | client. ... alue2") |
| redis.js:22:5:23:16 | client\\n ... multi() |
| redis.js:22:5:24:33 | client\\n ... value") |
| redis.js:22:5:25:26 | client\\n ... value") |
| redis.js:22:5:26:17 | client\\n ... et(key) |
| redis.js:22:5:27:42 | client\\n ... s) { }) |
| redis.js:29:5:31:6 | client. ... \\n    }) |
| redis.js:30:9:30:35 | newClie ... value") |
| redis.js:32:5:32:22 | client.duplicate() |
| redis.js:32:5:32:40 | client. ... value") |
| redis.js:39:5:39:28 | client. ... value") |
| redis.js:46:18:46:46 | client. ... value") |
| redis.js:49:18:49:47 | client. ... value") |
| socketio.js:11:5:11:54 | db.run( ... ndle}`) |
| tst2.js:7:3:7:62 | sql.que ... ms.id}` |
| tst2.js:9:3:9:85 | new sql ...  + "'") |
| tst3.js:9:3:11:4 | pool.qu ... ts\\n  }) |
| tst3.js:16:3:18:4 | pool.qu ... ts\\n  }) |
| tst4.js:8:3:8:67 | db.get( ...  + '"') |
| tst.js:10:3:10:65 | db.get( ...  + '"') |
