| side-effect.js:9:20:9:32 | // track: SE1 | Failed to track SE1 here. |
