| library-tests/Routing/route-setups.js:89 | expected an alert, but found none | NOT OK |  |
| library-tests/Routing/route-setups.js:125 | expected an alert, but found none | NOT OK |  |
| library-tests/Routing/route-setups.js:237 | expected an alert, but found none | NOT OK |  |
