| MissingCsrfMiddlewareBad.js:7:9:7:22 | cookieParser() | This cookie middleware is serving a request handler $@ without CSRF protection. | MissingCsrfMiddlewareBad.js:10:1:12:2 | app.pos ... l"];\\n}) | here |
| MissingCsrfMiddlewareBad.js:17:13:17:26 | cookieParser() | This cookie middleware is serving a request handler $@ without CSRF protection. | MissingCsrfMiddlewareBad.js:25:5:27:7 | app.pos ...     })) | here |
| MissingCsrfMiddlewareBad.js:33:13:33:26 | cookieParser() | This cookie middleware is serving a request handler $@ without CSRF protection. | MissingCsrfMiddlewareBad.js:41:5:43:7 | app.pos ...     })) | here |
| MissingCsrfMiddlewareBad.js:33:13:33:26 | cookieParser() | This cookie middleware is serving a request handler $@ without CSRF protection. | MissingCsrfMiddlewareBad.js:45:5:47:7 | app.pos ...     })) | here |
| csurf_api_example.js:42:37:42:50 | cookieParser() | This cookie middleware is serving a request handler $@ without CSRF protection. | csurf_api_example.js:42:3:45:4 | router. ... ')\\n  }) | here |
| csurf_example.js:18:9:18:22 | cookieParser() | This cookie middleware is serving a request handler $@ without CSRF protection. | csurf_example.js:31:1:34:2 | app.pos ... ed')\\n}) | here |
| fastify.js:5:14:5:38 | require ... ookie') | This cookie middleware is serving a request handler $@ without CSRF protection. | fastify.js:17:1:24:2 | app.rou ... \\n  }\\n}) | here |
| lusca_example.js:9:9:9:22 | cookieParser() | This cookie middleware is serving a request handler $@ without CSRF protection. | lusca_example.js:26:1:29:2 | app.pos ... ed')\\n}) | here |
| lusca_example.js:9:9:9:22 | cookieParser() | This cookie middleware is serving a request handler $@ without CSRF protection. | lusca_example.js:31:1:34:2 | app.pos ... ed')\\n}) | here |
| tst.js:6:9:6:22 | cookieParser() | This cookie middleware is serving a request handler $@ without CSRF protection. | tst.js:8:1:10:2 | app.pos ... s.x;\\n}) | here |
| unused_cookies.js:6:9:6:22 | cookieParser() | This cookie middleware is serving a request handler $@ without CSRF protection. | unused_cookies.js:8:1:13:2 | app.pos ... k');\\n}) | here |
| unused_cookies.js:6:9:6:22 | cookieParser() | This cookie middleware is serving a request handler $@ without CSRF protection. | unused_cookies.js:29:1:32:2 | app.pos ... k');\\n}) | here |
| unused_cookies.js:6:9:6:22 | cookieParser() | This cookie middleware is serving a request handler $@ without CSRF protection. | unused_cookies.js:34:1:37:2 | app.pos ... k');\\n}) | here |
